// Jest Snapshot v1, https://goo.gl/fbAQLP

exports[`Banana 1`] = `
Builder {
  "index": Object {
    "a": Object {
      "$": 4,
      "n": Object {
        "a": Object {
          "$": 4,
          "n": Object {
            "a": Object {
              "$": 4,
            },
          },
        },
      },
    },
    "b": Object {
      "a": Object {
        "n": Object {
          "a": Object {
            "n": Object {
              "a": Object {
                "$": 4,
              },
            },
          },
        },
      },
    },
    "n": Object {
      "a": Object {
        "$": 4,
        "n": Object {
          "a": Object {
            "$": 4,
          },
        },
      },
    },
  },
}
`;

exports[`Banana ban search 'nana ban' 1`] = `
Array [
  "BANANA",
]
`;

exports[`Banana search nana 1`] = `
Object {
  "BANANA": Object {},
}
`;
